D:/M0/five_data/qyan_Tacglove/Middlewares/Protocol/mcu_protocol.c:26:17:protocol_crc16_update	0	static
D:/M0/five_data/qyan_Tacglove/Middlewares/Protocol/mcu_protocol.c:62:10:mcu_protocol_crc16	16	static
D:/M0/five_data/qyan_Tacglove/Middlewares/Protocol/mcu_protocol.c:77:23:mcu_protocol_encode	24	static
D:/M0/five_data/qyan_Tacglove/Middlewares/Protocol/mcu_protocol.c:122:6:mcu_protocol_parser_init	8	static
D:/M0/five_data/qyan_Tacglove/Middlewares/Protocol/mcu_protocol.c:133:29:mcu_protocol_parser_consume	16	static
