D:/M0/five_data/M0_ing/BSP/LED/bsp_led_driver.c:42:13:sk6805_write_byte	24	static
D:/M0/five_data/M0_ing/BSP/LED/bsp_led_driver.c:70:13:sk6805_reset_latch	16	static
D:/M0/five_data/M0_ing/BSP/LED/bsp_led_driver.c:79:6:bsp_led_driver_init	8	static
D:/M0/five_data/M0_ing/BSP/LED/bsp_led_driver.c:85:21:bsp_led_driver_set_pixel	16	static
D:/M0/five_data/M0_ing/BSP/LED/bsp_led_driver.c:99:6:bsp_led_driver_clear	16	static
D:/M0/five_data/M0_ing/BSP/LED/bsp_led_driver.c:109:21:bsp_led_driver_show	32	static
