D:/M0/five_data/qyan_Tacglove/BSP/LED/bsp_led_handler.c:17:6:bsp_led_handler_init	8	static
D:/M0/five_data/qyan_Tacglove/BSP/LED/bsp_led_handler.c:23:6:bsp_led_handler_set_camera	16	static
D:/M0/five_data/qyan_Tacglove/BSP/LED/bsp_led_handler.c:34:6:bsp_led_handler_set_all_cameras	24	static
D:/M0/five_data/qyan_Tacglove/BSP/LED/bsp_led_handler.c:47:6:bsp_led_handler_set_fisheye	16	static
D:/M0/five_data/qyan_Tacglove/BSP/LED/bsp_led_handler.c:52:6:bsp_led_handler_set_system	16	static
D:/M0/five_data/qyan_Tacglove/BSP/LED/bsp_led_handler.c:57:6:bsp_led_handler_commit	8	static
D:/M0/five_data/qyan_Tacglove/BSP/LED/bsp_led_handler.c:62:6:bsp_led_handler_show_startup_state	16	static
