D:/M0/five_data/qyan_Tacglove/BSP/LED/bsp_led_handler.c:22:29:led_handler_convert_driver_status	4	static
D:/M0/five_data/qyan_Tacglove/BSP/LED/bsp_led_handler.c:79:22:bsp_led_handler_set_camera	16	static
D:/M0/five_data/qyan_Tacglove/BSP/LED/bsp_led_handler.c:92:22:bsp_led_handler_set_all_cameras	16	static
D:/M0/five_data/qyan_Tacglove/BSP/LED/bsp_led_handler.c:107:22:bsp_led_handler_set_fisheye	16	static
D:/M0/five_data/qyan_Tacglove/BSP/LED/bsp_led_handler.c:114:22:bsp_led_handler_set_system	16	static
D:/M0/five_data/qyan_Tacglove/BSP/LED/bsp_led_handler.c:121:6:bsp_led_handler_clear	8	static
D:/M0/five_data/qyan_Tacglove/BSP/LED/bsp_led_handler.c:126:22:bsp_led_handler_commit	8	static
D:/M0/five_data/qyan_Tacglove/BSP/LED/bsp_led_handler.c:66:22:bsp_led_handler_init	8	static
D:/M0/five_data/qyan_Tacglove/BSP/LED/bsp_led_handler.c:132:22:bsp_led_handler_show_startup_state	16	static
