D:/M0/five_data/qyan_Tacglove/BSP/LED/bsp_led_handler.c:67:22:bsp_led_handler_init	8	static
D:/M0/five_data/qyan_Tacglove/BSP/LED/bsp_led_handler.c:81:22:bsp_led_handler_set_camera	16	static
D:/M0/five_data/qyan_Tacglove/BSP/LED/bsp_led_handler.c:98:22:bsp_led_handler_set_all_cameras	16	static
D:/M0/five_data/qyan_Tacglove/BSP/LED/bsp_led_handler.c:113:22:bsp_led_handler_set_fisheye	16	static
D:/M0/five_data/qyan_Tacglove/BSP/LED/bsp_led_handler.c:124:22:bsp_led_handler_set_system	16	static
D:/M0/five_data/qyan_Tacglove/BSP/LED/bsp_led_handler.c:135:6:bsp_led_handler_clear	8	static
D:/M0/five_data/qyan_Tacglove/BSP/LED/bsp_led_handler.c:140:22:bsp_led_handler_commit	8	static
D:/M0/five_data/qyan_Tacglove/BSP/LED/bsp_led_handler.c:150:22:bsp_led_handler_show_startup_state	16	static
