D:/M0/five_data/FreeRTOS/portable/GCC/ARM_CM0/port.c:643:13:prvTaskExitError	8	static
D:/M0/five_data/FreeRTOS/portable/GCC/ARM_CM0/port.c:614:32:vPortSetupTimerInterrupt	8	static
D:/M0/five_data/FreeRTOS/portable/GCC/ARM_CM0/port.c:775:6:vPortYield	0	static
D:/M0/five_data/FreeRTOS/portable/GCC/ARM_CM0/port.c:788:6:vPortEnterCritical	0	static
D:/M0/five_data/FreeRTOS/portable/GCC/ARM_CM0/port.c:801:6:vPortExitCritical	0	static
D:/M0/five_data/FreeRTOS/portable/GCC/ARM_CM0/port.c:814:6:SysTick_Handler	8	static
D:/M0/five_data/FreeRTOS/portable/GCC/ARM_CM0/port.c:840:6:vPortSVCHandler_C	8	static
D:/M0/five_data/FreeRTOS/portable/GCC/ARM_CM0/port.c:1200:19:pxPortInitialiseStack	8	static
D:/M0/five_data/FreeRTOS/portable/GCC/ARM_CM0/port.c:1265:12:xPortStartScheduler	8	static
D:/M0/five_data/FreeRTOS/portable/GCC/ARM_CM0/port.c:1345:6:vPortEndScheduler	0	static
D:/M0/five_data/FreeRTOS/portable/GCC/ARM_CM0/port.c:1545:12:xPortIsInsideInterrupt	0	static
