D:/M0/five_data/FreeRTOS/tasks.c:1620:20:prvCreateTask	56	static
D:/M0/five_data/FreeRTOS/tasks.c:1718:16:xTaskCreate	48	static
D:/M0/five_data/FreeRTOS/tasks.c:1793:13:prvInitialiseNewTask	32	static,ignoring_inline_asm
D:/M0/five_data/FreeRTOS/tasks.c:2019:17:prvAddNewTaskToReadyList	24	static
D:/M0/five_data/FreeRTOS/tasks.c:2343:16:xTaskDelayUntil	32	static,ignoring_inline_asm
D:/M0/five_data/FreeRTOS/tasks.c:2435:10:vTaskDelay	24	static,ignoring_inline_asm
D:/M0/five_data/FreeRTOS/tasks.c:3121:10:vTaskSuspend	32	static,ignoring_inline_asm
D:/M0/five_data/FreeRTOS/tasks.c:3283:23:prvTaskIsTaskSuspended	32	static,ignoring_inline_asm
D:/M0/five_data/FreeRTOS/tasks.c:3353:10:vTaskResume	24	static,ignoring_inline_asm
D:/M0/five_data/FreeRTOS/tasks.c:3414:16:xTaskResumeFromISR	32	static,ignoring_inline_asm
D:/M0/five_data/FreeRTOS/tasks.c:3511:19:prvCreateIdleTasks	48	static
D:/M0/five_data/FreeRTOS/tasks.c:3665:6:vTaskStartScheduler	16	static,ignoring_inline_asm
D:/M0/five_data/FreeRTOS/tasks.c:3768:6:vTaskEndScheduler	8	static,ignoring_inline_asm
D:/M0/five_data/FreeRTOS/tasks.c:3811:6:vTaskSuspendAll	8	static,ignoring_inline_asm
D:/M0/five_data/FreeRTOS/tasks.c:3956:12:xTaskResumeAll	40	static,ignoring_inline_asm
D:/M0/five_data/FreeRTOS/tasks.c:4106:12:xTaskGetTickCount	16	static
D:/M0/five_data/FreeRTOS/tasks.c:4125:12:xTaskGetTickCountFromISR	16	static
D:/M0/five_data/FreeRTOS/tasks.c:4160:13:uxTaskGetNumberOfTasks	8	static
D:/M0/five_data/FreeRTOS/tasks.c:4172:8:pcTaskGetName	24	static,ignoring_inline_asm
D:/M0/five_data/FreeRTOS/tasks.c:4546:12:xTaskCatchUpTicks	24	static,ignoring_inline_asm
D:/M0/five_data/FreeRTOS/tasks.c:4670:12:xTaskIncrementTick	40	static,ignoring_inline_asm
D:/M0/five_data/FreeRTOS/tasks.c:5056:10:vTaskSwitchContext	32	static,ignoring_inline_asm
D:/M0/five_data/FreeRTOS/tasks.c:5243:6:vTaskPlaceOnEventList	16	static,ignoring_inline_asm
D:/M0/five_data/FreeRTOS/tasks.c:5272:6:vTaskPlaceOnUnorderedEventList	32	static,ignoring_inline_asm
D:/M0/five_data/FreeRTOS/tasks.c:5341:12:xTaskRemoveFromEventList	40	static,ignoring_inline_asm
D:/M0/five_data/FreeRTOS/tasks.c:5434:6:vTaskRemoveFromUnorderedEventList	32	static,ignoring_inline_asm
D:/M0/five_data/FreeRTOS/tasks.c:5506:6:vTaskSetTimeOutState	16	static,ignoring_inline_asm
D:/M0/five_data/FreeRTOS/tasks.c:5522:6:vTaskInternalSetTimeOutState	16	static
D:/M0/five_data/FreeRTOS/tasks.c:5534:12:xTaskCheckForTimeOut	32	static,ignoring_inline_asm
D:/M0/five_data/FreeRTOS/tasks.c:5603:6:vTaskMissedYield	8	static
D:/M0/five_data/FreeRTOS/tasks.c:5748:8:prvIdleTask	16	static
D:/M0/five_data/FreeRTOS/tasks.c:6011:13:prvInitialiseTaskLists	16	static
D:/M0/five_data/FreeRTOS/tasks.c:6043:13:prvCheckTasksWaitingTermination	8	static
D:/M0/five_data/FreeRTOS/tasks.c:6307:35:prvTaskCheckFreeStackSpace	24	static
D:/M0/five_data/FreeRTOS/tasks.c:6371:17:uxTaskGetStackHighWaterMark	32	static
D:/M0/five_data/FreeRTOS/tasks.c:6456:13:prvResetNextTaskUnblockTime	8	static
D:/M0/five_data/FreeRTOS/tasks.c:6480:22:xTaskGetCurrentTaskHandle	16	static
D:/M0/five_data/FreeRTOS/tasks.c:6515:18:xTaskGetCurrentTaskHandleForCore	24	static
D:/M0/five_data/FreeRTOS/tasks.c:6580:16:xTaskPriorityInherit	32	static
D:/M0/five_data/FreeRTOS/tasks.c:6683:16:xTaskPriorityDisinherit	32	static,ignoring_inline_asm
D:/M0/five_data/FreeRTOS/tasks.c:6777:10:vTaskPriorityDisinheritAfterTimeout	40	static,ignoring_inline_asm
D:/M0/five_data/FreeRTOS/tasks.c:7569:12:uxTaskResetEventItemValue	16	static
D:/M0/five_data/FreeRTOS/tasks.c:7589:18:pvTaskIncrementMutexHeldCount	16	static
D:/M0/five_data/FreeRTOS/tasks.c:7614:14:ulTaskGenericNotifyTake	40	static,ignoring_inline_asm
D:/M0/five_data/FreeRTOS/tasks.c:7717:16:xTaskGenericNotifyWait	40	static,ignoring_inline_asm
D:/M0/five_data/FreeRTOS/tasks.c:7832:16:xTaskGenericNotify	48	static,ignoring_inline_asm
D:/M0/five_data/FreeRTOS/tasks.c:7952:16:xTaskGenericNotifyFromISR	56	static,ignoring_inline_asm
D:/M0/five_data/FreeRTOS/tasks.c:8118:10:vTaskGenericNotifyGiveFromISR	56	static,ignoring_inline_asm
D:/M0/five_data/FreeRTOS/tasks.c:8234:16:xTaskGenericNotifyStateClear	24	static,ignoring_inline_asm
D:/M0/five_data/FreeRTOS/tasks.c:8272:14:ulTaskGenericNotifyValueClear	32	static,ignoring_inline_asm
D:/M0/five_data/FreeRTOS/tasks.c:8415:13:prvAddCurrentTaskToDelayedList	40	static
D:/M0/five_data/FreeRTOS/tasks.c:8645:6:vTaskResetState	16	static
