D:/M0/five_data/qyan_Tacglove/User_tasks/led_task.c:35:13:led_delay	24	static
D:/M0/five_data/qyan_Tacglove/User_tasks/led_task.c:46:29:led_show_all	32	static
D:/M0/five_data/qyan_Tacglove/User_tasks/led_task.c:82:29:led_run_demo_cycle	32	static
D:/M0/five_data/qyan_Tacglove/User_tasks/led_task.c:224:29:led_show_system_state	32	static
D:/M0/five_data/qyan_Tacglove/User_tasks/led_task.c:257:13:led_devices_self_test	8	static
D:/M0/five_data/qyan_Tacglove/User_tasks/led_task.c:274:29:led_run_power_on_self_test	32	static
D:/M0/five_data/qyan_Tacglove/User_tasks/led_task.c:310:13:led_beep_once	8	static
D:/M0/five_data/qyan_Tacglove/User_tasks/led_task.c:332:13:led_data_capture_start	8	static
D:/M0/five_data/qyan_Tacglove/User_tasks/led_task.c:346:13:led_data_capture_stop	8	static
D:/M0/five_data/qyan_Tacglove/User_tasks/led_task.c:360:29:led_run_capture_prepare	32	static
D:/M0/five_data/qyan_Tacglove/User_tasks/led_task.c:393:13:led_show_fault_state	16	static
D:/M0/five_data/qyan_Tacglove/User_tasks/led_task.c:405:13:led_task_entry	56	static
D:/M0/five_data/qyan_Tacglove/User_tasks/led_task.c:497:15:led_task_create	24	static
