D:/M0/five_data/qyan_Tacglove/User_tasks/led_task.c:36:13:led_delay	24	static
D:/M0/five_data/qyan_Tacglove/User_tasks/led_task.c:47:29:led_show_all	32	static
D:/M0/five_data/qyan_Tacglove/User_tasks/led_task.c:83:29:led_run_demo_cycle	32	static
D:/M0/five_data/qyan_Tacglove/User_tasks/led_task.c:225:29:led_show_system_state	32	static
D:/M0/five_data/qyan_Tacglove/User_tasks/led_task.c:258:13:led_devices_self_test	8	static
D:/M0/five_data/qyan_Tacglove/User_tasks/led_task.c:275:29:led_run_power_on_self_test	32	static
D:/M0/five_data/qyan_Tacglove/User_tasks/led_task.c:311:13:led_beep_once	8	static
D:/M0/five_data/qyan_Tacglove/User_tasks/led_task.c:333:13:led_data_capture_start	8	static
D:/M0/five_data/qyan_Tacglove/User_tasks/led_task.c:347:13:led_data_capture_stop	8	static
D:/M0/five_data/qyan_Tacglove/User_tasks/led_task.c:361:29:led_run_capture_prepare	32	static
D:/M0/five_data/qyan_Tacglove/User_tasks/led_task.c:394:13:led_show_fault_state	16	static
D:/M0/five_data/qyan_Tacglove/User_tasks/led_task.c:406:13:led_task_entry	56	static
D:/M0/five_data/qyan_Tacglove/User_tasks/led_task.c:549:15:led_task_create	24	static
