D:/M0/five_data/qyan_Tacglove/User_tasks/system_event.c:21:15:system_event_init	8	static
D:/M0/five_data/qyan_Tacglove/User_tasks/system_event.c:35:15:system_event_publish	32	static
D:/M0/five_data/qyan_Tacglove/User_tasks/system_event.c:58:15:system_event_publish_control	16	static
D:/M0/five_data/qyan_Tacglove/User_tasks/system_event.c:79:15:system_event_wait	16	static
D:/M0/five_data/qyan_Tacglove/User_tasks/system_event.c:100:15:system_event_observe	16	static
D:/M0/five_data/qyan_Tacglove/User_tasks/system_event.c:121:6:system_event_clear	8	static
