D:/M0/five_data/FreeRTOS/queue.c:2614:19:prvIsQueueEmpty	16	static
D:/M0/five_data/FreeRTOS/queue.c:2390:19:prvCopyDataToQueue	16	static
D:/M0/five_data/FreeRTOS/queue.c:2473:13:prvCopyDataFromQueue	8	static
D:/M0/five_data/FreeRTOS/queue.c:2494:13:prvUnlockQueue	16	static
D:/M0/five_data/FreeRTOS/queue.c:303:12:xQueueGenericReset	24	static
D:/M0/five_data/FreeRTOS/queue.c:502:19:xQueueGenericCreate	16	static
D:/M0/five_data/FreeRTOS/queue.c:939:12:xQueueGenericSend	40	static
D:/M0/five_data/FreeRTOS/queue.c:644:19:xQueueCreateMutex	8	static
D:/M0/five_data/FreeRTOS/queue.c:1157:12:xQueueGenericSendFromISR	40	static
D:/M0/five_data/FreeRTOS/queue.c:1329:12:xQueueGiveFromISR	32	static
D:/M0/five_data/FreeRTOS/queue.c:1502:12:xQueueReceive	40	static
D:/M0/five_data/FreeRTOS/queue.c:1652:12:xQueueSemaphoreTake	32	static
D:/M0/five_data/FreeRTOS/queue.c:1877:12:xQueuePeek	32	static
D:/M0/five_data/FreeRTOS/queue.c:2035:12:xQueueReceiveFromISR	40	static
D:/M0/five_data/FreeRTOS/queue.c:2135:12:xQueuePeekFromISR	24	static
D:/M0/five_data/FreeRTOS/queue.c:2197:13:uxQueueMessagesWaiting	8	static
D:/M0/five_data/FreeRTOS/queue.c:2217:13:uxQueueSpacesAvailable	8	static
D:/M0/five_data/FreeRTOS/queue.c:2238:13:uxQueueMessagesWaitingFromISR	0	static
D:/M0/five_data/FreeRTOS/queue.c:2254:6:vQueueDelete	8	static
D:/M0/five_data/FreeRTOS/queue.c:2343:13:uxQueueGetQueueItemSize	0	static
D:/M0/five_data/FreeRTOS/queue.c:2353:13:uxQueueGetQueueLength	0	static
D:/M0/five_data/FreeRTOS/queue.c:2635:12:xQueueIsQueueEmptyFromISR	0	static
D:/M0/five_data/FreeRTOS/queue.c:2680:12:xQueueIsQueueFullFromISR	0	static
