D:/M0/five_data/FreeRTOS/tasks.c:5748:8:prvIdleTask	8	static
D:/M0/five_data/FreeRTOS/tasks.c:8415:13:prvAddCurrentTaskToDelayedList	32	static
D:/M0/five_data/FreeRTOS/tasks.c:3283:23:prvTaskIsTaskSuspended	0	static
D:/M0/five_data/FreeRTOS/tasks.c:6456:13:prvResetNextTaskUnblockTime	0	static
D:/M0/five_data/FreeRTOS/tasks.c:1718:16:xTaskCreate	40	static
D:/M0/five_data/FreeRTOS/tasks.c:3353:10:vTaskResume	24	static
D:/M0/five_data/FreeRTOS/tasks.c:3414:16:xTaskResumeFromISR	32	static
D:/M0/five_data/FreeRTOS/tasks.c:3665:6:vTaskStartScheduler	32	static
D:/M0/five_data/FreeRTOS/tasks.c:3768:6:vTaskEndScheduler	8	static
D:/M0/five_data/FreeRTOS/tasks.c:3811:6:vTaskSuspendAll	0	static
D:/M0/five_data/FreeRTOS/tasks.c:4106:12:xTaskGetTickCount	0	static
D:/M0/five_data/FreeRTOS/tasks.c:4125:12:xTaskGetTickCountFromISR	0	static
D:/M0/five_data/FreeRTOS/tasks.c:4160:13:uxTaskGetNumberOfTasks	0	static
D:/M0/five_data/FreeRTOS/tasks.c:4172:8:pcTaskGetName	0	static
D:/M0/five_data/FreeRTOS/tasks.c:4670:12:xTaskIncrementTick	32	static
D:/M0/five_data/FreeRTOS/tasks.c:3956:12:xTaskResumeAll	24	static
D:/M0/five_data/FreeRTOS/tasks.c:2343:16:xTaskDelayUntil	16	static
D:/M0/five_data/FreeRTOS/tasks.c:2435:10:vTaskDelay	8	static
D:/M0/five_data/FreeRTOS/tasks.c:4546:12:xTaskCatchUpTicks	8	static
D:/M0/five_data/FreeRTOS/tasks.c:5056:10:vTaskSwitchContext	24	static
D:/M0/five_data/FreeRTOS/tasks.c:3121:10:vTaskSuspend	24	static
D:/M0/five_data/FreeRTOS/tasks.c:5243:6:vTaskPlaceOnEventList	8	static
D:/M0/five_data/FreeRTOS/tasks.c:5272:6:vTaskPlaceOnUnorderedEventList	16	static
D:/M0/five_data/FreeRTOS/tasks.c:5341:12:xTaskRemoveFromEventList	16	static
D:/M0/five_data/FreeRTOS/tasks.c:5434:6:vTaskRemoveFromUnorderedEventList	16	static
D:/M0/five_data/FreeRTOS/tasks.c:5506:6:vTaskSetTimeOutState	8	static
D:/M0/five_data/FreeRTOS/tasks.c:5522:6:vTaskInternalSetTimeOutState	0	static
D:/M0/five_data/FreeRTOS/tasks.c:5534:12:xTaskCheckForTimeOut	16	static
D:/M0/five_data/FreeRTOS/tasks.c:5603:6:vTaskMissedYield	0	static
D:/M0/five_data/FreeRTOS/tasks.c:6371:17:uxTaskGetStackHighWaterMark	0	static
D:/M0/five_data/FreeRTOS/tasks.c:6480:22:xTaskGetCurrentTaskHandle	0	static
D:/M0/five_data/FreeRTOS/tasks.c:6515:18:xTaskGetCurrentTaskHandleForCore	0	static
D:/M0/five_data/FreeRTOS/tasks.c:6580:16:xTaskPriorityInherit	24	static
D:/M0/five_data/FreeRTOS/tasks.c:6683:16:xTaskPriorityDisinherit	16	static
D:/M0/five_data/FreeRTOS/tasks.c:6777:10:vTaskPriorityDisinheritAfterTimeout	16	static
D:/M0/five_data/FreeRTOS/tasks.c:7569:12:uxTaskResetEventItemValue	0	static
D:/M0/five_data/FreeRTOS/tasks.c:7589:18:pvTaskIncrementMutexHeldCount	0	static
D:/M0/five_data/FreeRTOS/tasks.c:7614:14:ulTaskGenericNotifyTake	24	static
D:/M0/five_data/FreeRTOS/tasks.c:7717:16:xTaskGenericNotifyWait	24	static
D:/M0/five_data/FreeRTOS/tasks.c:7832:16:xTaskGenericNotify	24	static
D:/M0/five_data/FreeRTOS/tasks.c:7952:16:xTaskGenericNotifyFromISR	24	static
D:/M0/five_data/FreeRTOS/tasks.c:8118:10:vTaskGenericNotifyGiveFromISR	32	static
D:/M0/five_data/FreeRTOS/tasks.c:8234:16:xTaskGenericNotifyStateClear	16	static
D:/M0/five_data/FreeRTOS/tasks.c:8272:14:ulTaskGenericNotifyValueClear	16	static
D:/M0/five_data/FreeRTOS/tasks.c:8645:6:vTaskResetState	0	static
