D:/M0/five_data/FreeRTOS/portable/MemMang/heap_4.c:173:8:pvPortMalloc	40	static,ignoring_inline_asm
D:/M0/five_data/FreeRTOS/portable/MemMang/heap_4.c:348:6:vPortFree	24	static,ignoring_inline_asm
D:/M0/five_data/FreeRTOS/portable/MemMang/heap_4.c:407:8:xPortGetFreeHeapSize	8	static
D:/M0/five_data/FreeRTOS/portable/MemMang/heap_4.c:413:8:xPortGetMinimumEverFreeHeapSize	8	static
D:/M0/five_data/FreeRTOS/portable/MemMang/heap_4.c:419:6:vPortInitialiseBlocks	8	static
D:/M0/five_data/FreeRTOS/portable/MemMang/heap_4.c:425:8:pvPortCalloc	24	static
D:/M0/five_data/FreeRTOS/portable/MemMang/heap_4.c:444:13:prvHeapInit	24	static
D:/M0/five_data/FreeRTOS/portable/MemMang/heap_4.c:492:13:prvInsertBlockIntoFreeList	24	static,ignoring_inline_asm
D:/M0/five_data/FreeRTOS/portable/MemMang/heap_4.c:560:6:vPortGetHeapStats	32	static
D:/M0/five_data/FreeRTOS/portable/MemMang/heap_4.c:617:6:vPortHeapResetState	8	static
