D:/M0/five_data/qyan_Tacglove/Core/Src/stm32f0xx_it.c:76:6:NMI_Handler	8	static
D:/M0/five_data/qyan_Tacglove/Core/Src/stm32f0xx_it.c:91:6:HardFault_Handler	8	static
D:/M0/five_data/qyan_Tacglove/Core/Src/stm32f0xx_it.c:106:6:CubeMX_SVC_Handler	8	static
D:/M0/five_data/qyan_Tacglove/Core/Src/stm32f0xx_it.c:119:6:CubeMX_PendSV_Handler	8	static
D:/M0/five_data/qyan_Tacglove/Core/Src/stm32f0xx_it.c:132:6:CubeMX_SysTick_Handler	8	static
D:/M0/five_data/qyan_Tacglove/Core/Src/stm32f0xx_it.c:153:6:DMA1_Channel4_5_IRQHandler	8	static
D:/M0/five_data/qyan_Tacglove/Core/Src/stm32f0xx_it.c:168:6:TIM1_BRK_UP_TRG_COM_IRQHandler	8	static
